@article{hoeffding_1963,
  author = {Hoeffding, Wassily},
  title = {Probability inequalities for sums of bounded random variables},
  journal = {Journal of the American Statistical Association},
  volume = {58},
  number = {301},
  pages = {13--30},
  year = {1963},
  doi = {10.1080/01621459.1963.10500830},
}
